#
# There is insufficient memory for the Java Runtime Environment to continue.
# Native memory allocation (malloc) failed to allocate 53616 bytes. Error detail: Chunk::new
# Possible reasons:
#   The system is out of physical RAM or swap space
#   This process is running with CompressedOops enabled, and the Java Heap may be blocking the growth of the native heap
# Possible solutions:
#   Reduce memory load on the system
#   Increase physical memory or swap space
#   Check if swap backing store is full
#   Decrease Java heap size (-Xmx/-Xms)
#   Decrease number of Java threads
#   Decrease Java thread stack sizes (-Xss)
#   Set larger code cache with -XX:ReservedCodeCacheSize=
#   JVM is running with Zero Based Compressed Oops mode in which the Java heap is
#     placed in the first 32GB address space. The Java Heap base address is the
#     maximum limit for the native heap growth. Please use -XX:HeapBaseMinAddress
#     to set the Java Heap base and to place the Java Heap above 32GB virtual address.
# This output file may be truncated or incomplete.
#
#  Out of Memory Error (arena.cpp:191), pid=24492, tid=11204
#
# JRE version: OpenJDK Runtime Environment (17.0.11) (build 17.0.11+0--11852314)
# Java VM: OpenJDK 64-Bit Server VM (17.0.11+0--11852314, mixed mode, tiered, compressed oops, compressed class ptrs, g1 gc, windows-amd64)
# No core dump will be written. Minidumps are not enabled by default on client versions of Windows
#

---------------  S U M M A R Y ------------

Command Line: -Dorg.gradle.appname=gradlew org.gradle.wrapper.GradleWrapperMain -q -Ptarget-platform=android-x86 -Ptarget=C:\Users\ten07\OneDrive\Desktop\fixnow\lib\main.dart -Pbase-application-name=android.app.Application -Pdart-obfuscation=false -Ptrack-widget-creation=true -Ptree-shake-icons=false -Pfilesystem-scheme=org-dartlang-root assembleDebug

Host: AMD Ryzen 5 4500U with Radeon Graphics         , 6 cores, 19G,  Windows 11 , 64 bit Build 22621 (10.0.22621.3958)
Time: Sun Oct 20 20:43:09 2024 SE Asia Standard Time elapsed time: 1.869476 seconds (0d 0h 0m 1s)

---------------  T H R E A D  ---------------

Current thread (0x00000254424cd6e0):  JavaThread "C2 CompilerThread0" daemon [_thread_in_native, id=11204, stack(0x000000b424d00000,0x000000b424e00000)]


Current CompileTask:
C2:   1874 1055       4       java.lang.String::lastIndexOf (12 bytes)

Stack: [0x000000b424d00000,0x000000b424e00000]
Native frames: (J=compiled Java code, j=interpreted, Vv=VM code, C=native code)
V  [jvm.dll+0x687bb9]
V  [jvm.dll+0x84142a]
V  [jvm.dll+0x8430ae]
V  [jvm.dll+0x843713]
V  [jvm.dll+0x24a35f]
V  [jvm.dll+0xac544]
V  [jvm.dll+0xacb8c]
V  [jvm.dll+0x2b194f]
V  [jvm.dll+0x58eba7]
V  [jvm.dll+0x2247e2]
V  [jvm.dll+0x224bdf]
V  [jvm.dll+0x21dd00]
V  [jvm.dll+0x21b201]
V  [jvm.dll+0x1a63ed]
V  [jvm.dll+0x22b1ee]
V  [jvm.dll+0x229375]
V  [jvm.dll+0x7f5647]
V  [jvm.dll+0x7efa4a]
V  [jvm.dll+0x686a35]
C  [ucrtbase.dll+0x29333]
C  [KERNEL32.DLL+0x1257d]
C  [ntdll.dll+0x5af28]


---------------  P R O C E S S  ---------------

Threads class SMR info:
_java_thread_list=0x00000254479372f0, length=13, elements={
0x0000025421e70a30, 0x0000025442623260, 0x00000254426240e0, 0x00000254424c9450,
0x00000254424cae20, 0x00000254424cbf80, 0x00000254424cc940, 0x00000254424cd6e0,
0x00000254424ce190, 0x00000254426512b0, 0x00000254427d95d0, 0x00000254427ddd60,
0x00000254477364c0
}

Java Threads: ( => current thread )
  0x0000025421e70a30 JavaThread "main" [_thread_in_vm, id=25224, stack(0x000000b424000000,0x000000b424100000)]
  0x0000025442623260 JavaThread "Reference Handler" daemon [_thread_blocked, id=3564, stack(0x000000b424700000,0x000000b424800000)]
  0x00000254426240e0 JavaThread "Finalizer" daemon [_thread_blocked, id=7288, stack(0x000000b424800000,0x000000b424900000)]
  0x00000254424c9450 JavaThread "Signal Dispatcher" daemon [_thread_blocked, id=14352, stack(0x000000b424900000,0x000000b424a00000)]
  0x00000254424cae20 JavaThread "Attach Listener" daemon [_thread_blocked, id=23508, stack(0x000000b424a00000,0x000000b424b00000)]
  0x00000254424cbf80 JavaThread "Service Thread" daemon [_thread_blocked, id=23084, stack(0x000000b424b00000,0x000000b424c00000)]
  0x00000254424cc940 JavaThread "Monitor Deflation Thread" daemon [_thread_blocked, id=22316, stack(0x000000b424c00000,0x000000b424d00000)]
=>0x00000254424cd6e0 JavaThread "C2 CompilerThread0" daemon [_thread_in_native, id=11204, stack(0x000000b424d00000,0x000000b424e00000)]
  0x00000254424ce190 JavaThread "C1 CompilerThread0" daemon [_thread_in_vm, id=23428, stack(0x000000b424e00000,0x000000b424f00000)]
  0x00000254426512b0 JavaThread "Sweeper thread" daemon [_thread_blocked, id=21416, stack(0x000000b424f00000,0x000000b425000000)]
  0x00000254427d95d0 JavaThread "Notification Thread" daemon [_thread_blocked, id=15336, stack(0x000000b425000000,0x000000b425100000)]
  0x00000254427ddd60 JavaThread "Common-Cleaner" daemon [_thread_blocked, id=10748, stack(0x000000b425200000,0x000000b425300000)]
  0x00000254477364c0 JavaThread "pool-1-thread-1" [_thread_blocked, id=4432, stack(0x000000b425a00000,0x000000b425b00000)]

Other Threads:
  0x000002544260f620 VMThread "VM Thread" [stack: 0x000000b424600000,0x000000b424700000] [id=25344]
  0x00000254427d9ab0 WatcherThread [stack: 0x000000b425100000,0x000000b425200000] [id=21660]
  0x0000025421ee72b0 GCTaskThread "GC Thread#0" [stack: 0x000000b424100000,0x000000b424200000] [id=24456]
  0x000002544724d740 GCTaskThread "GC Thread#1" [stack: 0x000000b425500000,0x000000b425600000] [id=22136]
  0x00000254470c5410 GCTaskThread "GC Thread#2" [stack: 0x000000b425600000,0x000000b425700000] [id=21948]
  0x000002544731b7a0 GCTaskThread "GC Thread#3" [stack: 0x000000b425700000,0x000000b425800000] [id=25368]
  0x000002544731ba60 GCTaskThread "GC Thread#4" [stack: 0x000000b425800000,0x000000b425900000] [id=19088]
  0x0000025447155c80 GCTaskThread "GC Thread#5" [stack: 0x000000b425900000,0x000000b425a00000] [id=22440]
  0x0000025421ef1d00 ConcurrentGCThread "G1 Main Marker" [stack: 0x000000b424200000,0x000000b424300000] [id=24472]
  0x0000025421ef2720 ConcurrentGCThread "G1 Conc#0" [stack: 0x000000b424300000,0x000000b424400000] [id=25400]
  0x0000025421f1e9c0 ConcurrentGCThread "G1 Refine#0" [stack: 0x000000b424400000,0x000000b424500000] [id=25432]
  0x000002544232c670 ConcurrentGCThread "G1 Service" [stack: 0x000000b424500000,0x000000b424600000] [id=18436]

Threads with active compile tasks:
C2 CompilerThread0     1909 1055       4       java.lang.String::lastIndexOf (12 bytes)
C1 CompilerThread0     1909 1085       3       java.security.MessageDigest::update (14 bytes)

VM state: not at safepoint (normal execution)

VM Mutex/Monitor currently owned by a thread:  ([mutex/lock_event])
[0x0000025421e5dc90] Metaspace_lock - owner thread: 0x00000254424ce190
[0x0000025421e6d720] MethodData_lock - owner thread: 0x00000254424ce190

Heap address: 0x00000006ca000000, size: 4960 MB, Compressed Oops mode: Zero based, Oop shift amount: 3

CDS archive(s) not mapped
Compressed class space mapped at: 0x0000000800000000-0x0000000840000000, reserved size: 1073741824
Narrow klass base: 0x0000000800000000, Narrow klass shift: 0, Narrow klass range: 0x40000000

GC Precious Log:
 CPUs: 6 total, 6 available
 Memory: 19830M
 Large Page Support: Disabled
 NUMA Support: Disabled
 Compressed Oops: Enabled (Zero based)
 Heap Region Size: 4M
 Heap Min Capacity: 8M
 Heap Initial Capacity: 312M
 Heap Max Capacity: 4960M
 Pre-touch: Disabled
 Parallel Workers: 6
 Concurrent Workers: 2
 Concurrent Refinement Workers: 6
 Periodic GC: Disabled

Heap:
 garbage-first heap   total 319488K, used 10969K [0x00000006ca000000, 0x0000000800000000)
  region size 4096K, 2 young (8192K), 1 survivors (4096K)
 Metaspace       used 14875K, committed 15040K, reserved 1114112K
  class space    used 1713K, committed 1792K, reserved 1048576K

Heap Regions: E=young(eden), S=young(survivor), O=old, HS=humongous(starts), HC=humongous(continues), CS=collection set, F=free, OA=open archive, CA=closed archive, TAMS=top-at-mark-start (previous, next)
|   0|0x00000006ca000000, 0x00000006ca400000, 0x00000006ca400000|100%| O|  |TAMS 0x00000006ca000000, 0x00000006ca000000| Untracked 
|   1|0x00000006ca400000, 0x00000006ca800000, 0x00000006ca800000|100%|HS|  |TAMS 0x00000006ca400000, 0x00000006ca400000| Complete 
|   2|0x00000006ca800000, 0x00000006ca873a00, 0x00000006cac00000| 11%| O|  |TAMS 0x00000006ca800000, 0x00000006ca800000| Untracked 
|   3|0x00000006cac00000, 0x00000006cac00000, 0x00000006cb000000|  0%| F|  |TAMS 0x00000006cac00000, 0x00000006cac00000| Untracked 
|   4|0x00000006cb000000, 0x00000006cb000000, 0x00000006cb400000|  0%| F|  |TAMS 0x00000006cb000000, 0x00000006cb000000| Untracked 
|   5|0x00000006cb400000, 0x00000006cb400000, 0x00000006cb800000|  0%| F|  |TAMS 0x00000006cb400000, 0x00000006cb400000| Untracked 
|   6|0x00000006cb800000, 0x00000006cb800000, 0x00000006cbc00000|  0%| F|  |TAMS 0x00000006cb800000, 0x00000006cb800000| Untracked 
|   7|0x00000006cbc00000, 0x00000006cbc00000, 0x00000006cc000000|  0%| F|  |TAMS 0x00000006cbc00000, 0x00000006cbc00000| Untracked 
|   8|0x00000006cc000000, 0x00000006cc000000, 0x00000006cc400000|  0%| F|  |TAMS 0x00000006cc000000, 0x00000006cc000000| Untracked 
|   9|0x00000006cc400000, 0x00000006cc400000, 0x00000006cc800000|  0%| F|  |TAMS 0x00000006cc400000, 0x00000006cc400000| Untracked 
|  10|0x00000006cc800000, 0x00000006cc800000, 0x00000006ccc00000|  0%| F|  |TAMS 0x00000006cc800000, 0x00000006cc800000| Untracked 
|  11|0x00000006ccc00000, 0x00000006ccc00000, 0x00000006cd000000|  0%| F|  |TAMS 0x00000006ccc00000, 0x00000006ccc00000| Untracked 
|  12|0x00000006cd000000, 0x00000006cd000000, 0x00000006cd400000|  0%| F|  |TAMS 0x00000006cd000000, 0x00000006cd000000| Untracked 
|  13|0x00000006cd400000, 0x00000006cd400000, 0x00000006cd800000|  0%| F|  |TAMS 0x00000006cd400000, 0x00000006cd400000| Untracked 
|  14|0x00000006cd800000, 0x00000006cd800000, 0x00000006cdc00000|  0%| F|  |TAMS 0x00000006cd800000, 0x00000006cd800000| Untracked 
|  15|0x00000006cdc00000, 0x00000006cdc00000, 0x00000006ce000000|  0%| F|  |TAMS 0x00000006cdc00000, 0x00000006cdc00000| Untracked 
|  16|0x00000006ce000000, 0x00000006ce000000, 0x00000006ce400000|  0%| F|  |TAMS 0x00000006ce000000, 0x00000006ce000000| Untracked 
|  17|0x00000006ce400000, 0x00000006ce400000, 0x00000006ce800000|  0%| F|  |TAMS 0x00000006ce400000, 0x00000006ce400000| Untracked 
|  18|0x00000006ce800000, 0x00000006ce800000, 0x00000006cec00000|  0%| F|  |TAMS 0x00000006ce800000, 0x00000006ce800000| Untracked 
|  19|0x00000006cec00000, 0x00000006cec00000, 0x00000006cf000000|  0%| F|  |TAMS 0x00000006cec00000, 0x00000006cec00000| Untracked 
|  20|0x00000006cf000000, 0x00000006cf000000, 0x00000006cf400000|  0%| F|  |TAMS 0x00000006cf000000, 0x00000006cf000000| Untracked 
|  21|0x00000006cf400000, 0x00000006cf400000, 0x00000006cf800000|  0%| F|  |TAMS 0x00000006cf400000, 0x00000006cf400000| Untracked 
|  22|0x00000006cf800000, 0x00000006cf800000, 0x00000006cfc00000|  0%| F|  |TAMS 0x00000006cf800000, 0x00000006cf800000| Untracked 
|  23|0x00000006cfc00000, 0x00000006cfc00000, 0x00000006d0000000|  0%| F|  |TAMS 0x00000006cfc00000, 0x00000006cfc00000| Untracked 
|  24|0x00000006d0000000, 0x00000006d0000000, 0x00000006d0400000|  0%| F|  |TAMS 0x00000006d0000000, 0x00000006d0000000| Untracked 
|  25|0x00000006d0400000, 0x00000006d0400000, 0x00000006d0800000|  0%| F|  |TAMS 0x00000006d0400000, 0x00000006d0400000| Untracked 
|  26|0x00000006d0800000, 0x00000006d0800000, 0x00000006d0c00000|  0%| F|  |TAMS 0x00000006d0800000, 0x00000006d0800000| Untracked 
|  27|0x00000006d0c00000, 0x00000006d0c00000, 0x00000006d1000000|  0%| F|  |TAMS 0x00000006d0c00000, 0x00000006d0c00000| Untracked 
|  28|0x00000006d1000000, 0x00000006d1000000, 0x00000006d1400000|  0%| F|  |TAMS 0x00000006d1000000, 0x00000006d1000000| Untracked 
|  29|0x00000006d1400000, 0x00000006d1400000, 0x00000006d1800000|  0%| F|  |TAMS 0x00000006d1400000, 0x00000006d1400000| Untracked 
|  30|0x00000006d1800000, 0x00000006d1800000, 0x00000006d1c00000|  0%| F|  |TAMS 0x00000006d1800000, 0x00000006d1800000| Untracked 
|  31|0x00000006d1c00000, 0x00000006d1c00000, 0x00000006d2000000|  0%| F|  |TAMS 0x00000006d1c00000, 0x00000006d1c00000| Untracked 
|  32|0x00000006d2000000, 0x00000006d2000000, 0x00000006d2400000|  0%| F|  |TAMS 0x00000006d2000000, 0x00000006d2000000| Untracked 
|  33|0x00000006d2400000, 0x00000006d2400000, 0x00000006d2800000|  0%| F|  |TAMS 0x00000006d2400000, 0x00000006d2400000| Untracked 
|  34|0x00000006d2800000, 0x00000006d2800000, 0x00000006d2c00000|  0%| F|  |TAMS 0x00000006d2800000, 0x00000006d2800000| Untracked 
|  35|0x00000006d2c00000, 0x00000006d2c00000, 0x00000006d3000000|  0%| F|  |TAMS 0x00000006d2c00000, 0x00000006d2c00000| Untracked 
|  36|0x00000006d3000000, 0x00000006d3000000, 0x00000006d3400000|  0%| F|  |TAMS 0x00000006d3000000, 0x00000006d3000000| Untracked 
|  37|0x00000006d3400000, 0x00000006d3400000, 0x00000006d3800000|  0%| F|  |TAMS 0x00000006d3400000, 0x00000006d3400000| Untracked 
|  38|0x00000006d3800000, 0x00000006d3800000, 0x00000006d3c00000|  0%| F|  |TAMS 0x00000006d3800000, 0x00000006d3800000| Untracked 
|  39|0x00000006d3c00000, 0x00000006d3c00000, 0x00000006d4000000|  0%| F|  |TAMS 0x00000006d3c00000, 0x00000006d3c00000| Untracked 
|  40|0x00000006d4000000, 0x00000006d4000000, 0x00000006d4400000|  0%| F|  |TAMS 0x00000006d4000000, 0x00000006d4000000| Untracked 
|  41|0x00000006d4400000, 0x00000006d4400000, 0x00000006d4800000|  0%| F|  |TAMS 0x00000006d4400000, 0x00000006d4400000| Untracked 
|  42|0x00000006d4800000, 0x00000006d4800000, 0x00000006d4c00000|  0%| F|  |TAMS 0x00000006d4800000, 0x00000006d4800000| Untracked 
|  43|0x00000006d4c00000, 0x00000006d4c00000, 0x00000006d5000000|  0%| F|  |TAMS 0x00000006d4c00000, 0x00000006d4c00000| Untracked 
|  44|0x00000006d5000000, 0x00000006d5000000, 0x00000006d5400000|  0%| F|  |TAMS 0x00000006d5000000, 0x00000006d5000000| Untracked 
|  45|0x00000006d5400000, 0x00000006d5400000, 0x00000006d5800000|  0%| F|  |TAMS 0x00000006d5400000, 0x00000006d5400000| Untracked 
|  46|0x00000006d5800000, 0x00000006d5800000, 0x00000006d5c00000|  0%| F|  |TAMS 0x00000006d5800000, 0x00000006d5800000| Untracked 
|  47|0x00000006d5c00000, 0x00000006d5c00000, 0x00000006d6000000|  0%| F|  |TAMS 0x00000006d5c00000, 0x00000006d5c00000| Untracked 
|  48|0x00000006d6000000, 0x00000006d6000000, 0x00000006d6400000|  0%| F|  |TAMS 0x00000006d6000000, 0x00000006d6000000| Untracked 
|  49|0x00000006d6400000, 0x00000006d6400000, 0x00000006d6800000|  0%| F|  |TAMS 0x00000006d6400000, 0x00000006d6400000| Untracked 
|  50|0x00000006d6800000, 0x00000006d6800000, 0x00000006d6c00000|  0%| F|  |TAMS 0x00000006d6800000, 0x00000006d6800000| Untracked 
|  51|0x00000006d6c00000, 0x00000006d6c00000, 0x00000006d7000000|  0%| F|  |TAMS 0x00000006d6c00000, 0x00000006d6c00000| Untracked 
|  52|0x00000006d7000000, 0x00000006d7000000, 0x00000006d7400000|  0%| F|  |TAMS 0x00000006d7000000, 0x00000006d7000000| Untracked 
|  53|0x00000006d7400000, 0x00000006d7400000, 0x00000006d7800000|  0%| F|  |TAMS 0x00000006d7400000, 0x00000006d7400000| Untracked 
|  54|0x00000006d7800000, 0x00000006d7800000, 0x00000006d7c00000|  0%| F|  |TAMS 0x00000006d7800000, 0x00000006d7800000| Untracked 
|  55|0x00000006d7c00000, 0x00000006d7c00000, 0x00000006d8000000|  0%| F|  |TAMS 0x00000006d7c00000, 0x00000006d7c00000| Untracked 
|  56|0x00000006d8000000, 0x00000006d8000000, 0x00000006d8400000|  0%| F|  |TAMS 0x00000006d8000000, 0x00000006d8000000| Untracked 
|  57|0x00000006d8400000, 0x00000006d8400000, 0x00000006d8800000|  0%| F|  |TAMS 0x00000006d8400000, 0x00000006d8400000| Untracked 
|  58|0x00000006d8800000, 0x00000006d8800000, 0x00000006d8c00000|  0%| F|  |TAMS 0x00000006d8800000, 0x00000006d8800000| Untracked 
|  59|0x00000006d8c00000, 0x00000006d8c00000, 0x00000006d9000000|  0%| F|  |TAMS 0x00000006d8c00000, 0x00000006d8c00000| Untracked 
|  60|0x00000006d9000000, 0x00000006d9000000, 0x00000006d9400000|  0%| F|  |TAMS 0x00000006d9000000, 0x00000006d9000000| Untracked 
|  61|0x00000006d9400000, 0x00000006d9400000, 0x00000006d9800000|  0%| F|  |TAMS 0x00000006d9400000, 0x00000006d9400000| Untracked 
|  62|0x00000006d9800000, 0x00000006d9800000, 0x00000006d9c00000|  0%| F|  |TAMS 0x00000006d9800000, 0x00000006d9800000| Untracked 
|  63|0x00000006d9c00000, 0x00000006d9c00000, 0x00000006da000000|  0%| F|  |TAMS 0x00000006d9c00000, 0x00000006d9c00000| Untracked 
|  64|0x00000006da000000, 0x00000006da000000, 0x00000006da400000|  0%| F|  |TAMS 0x00000006da000000, 0x00000006da000000| Untracked 
|  65|0x00000006da400000, 0x00000006da400000, 0x00000006da800000|  0%| F|  |TAMS 0x00000006da400000, 0x00000006da400000| Untracked 
|  66|0x00000006da800000, 0x00000006da800000, 0x00000006dac00000|  0%| F|  |TAMS 0x00000006da800000, 0x00000006da800000| Untracked 
|  67|0x00000006dac00000, 0x00000006dac00000, 0x00000006db000000|  0%| F|  |TAMS 0x00000006dac00000, 0x00000006dac00000| Untracked 
|  68|0x00000006db000000, 0x00000006db000000, 0x00000006db400000|  0%| F|  |TAMS 0x00000006db000000, 0x00000006db000000| Untracked 
|  69|0x00000006db400000, 0x00000006db400000, 0x00000006db800000|  0%| F|  |TAMS 0x00000006db400000, 0x00000006db400000| Untracked 
|  70|0x00000006db800000, 0x00000006db800000, 0x00000006dbc00000|  0%| F|  |TAMS 0x00000006db800000, 0x00000006db800000| Untracked 
|  71|0x00000006dbc00000, 0x00000006dbc00000, 0x00000006dc000000|  0%| F|  |TAMS 0x00000006dbc00000, 0x00000006dbc00000| Untracked 
|  72|0x00000006dc000000, 0x00000006dc242b58, 0x00000006dc400000| 56%| S|CS|TAMS 0x00000006dc000000, 0x00000006dc000000| Complete 
|  73|0x00000006dc400000, 0x00000006dc400000, 0x00000006dc800000|  0%| F|  |TAMS 0x00000006dc400000, 0x00000006dc400000| Untracked 
|  74|0x00000006dc800000, 0x00000006dc800000, 0x00000006dcc00000|  0%| F|  |TAMS 0x00000006dc800000, 0x00000006dc800000| Untracked 
|  75|0x00000006dcc00000, 0x00000006dcc00000, 0x00000006dd000000|  0%| F|  |TAMS 0x00000006dcc00000, 0x00000006dcc00000| Untracked 
|  76|0x00000006dd000000, 0x00000006dd000000, 0x00000006dd400000|  0%| F|  |TAMS 0x00000006dd000000, 0x00000006dd000000| Untracked 
|  77|0x00000006dd400000, 0x00000006dd7f5a68, 0x00000006dd800000| 98%| E|  |TAMS 0x00000006dd400000, 0x00000006dd400000| Complete 

Card table byte_map: [0x0000025434e00000,0x00000254357b0000] _byte_map_base: 0x00000254317b0000

Marking Bits (Prev, Next): (CMBitMap*) 0x0000025421ee78d0, (CMBitMap*) 0x0000025421ee7910
 Prev Bits: [0x0000025436160000, 0x000002543aee0000)
 Next Bits: [0x000002543aee0000, 0x000002543fc60000)

Polling page: 0x000002541fde0000

Metaspace:

Usage:
  Non-class:     12.85 MB used.
      Class:      1.67 MB used.
       Both:     14.53 MB used.

Virtual space:
  Non-class space:       64.00 MB reserved,      12.94 MB ( 20%) committed,  1 nodes.
      Class space:        1.00 GB reserved,       1.75 MB ( <1%) committed,  1 nodes.
             Both:        1.06 GB reserved,      14.69 MB (  1%) committed. 

Chunk freelists:
   Non-Class:  2.18 MB
       Class:  14.22 MB
        Both:  16.40 MB

MaxMetaspaceSize: unlimited
CompressedClassSpaceSize: 1.00 GB
Initial GC threshold: 21.00 MB
Current GC threshold: 21.00 MB
CDS: off
MetaspaceReclaimPolicy: balanced
 - commit_granule_bytes: 65536.
 - commit_granule_words: 8192.
 - virtual_space_node_default_size: 8388608.
 - enlarge_chunks_in_place: 1.
 - new_chunks_are_fully_committed: 0.
 - uncommit_free_chunks: 1.
 - use_allocation_guard: 0.
 - handle_deallocations: 1.


Internal statistics:

num_allocs_failed_limit: 0.
num_arena_births: 66.
num_arena_deaths: 0.
num_vsnodes_births: 2.
num_vsnodes_deaths: 0.
num_space_committed: 235.
num_space_uncommitted: 0.
num_chunks_returned_to_freelist: 0.
num_chunks_taken_from_freelist: 271.
num_chunk_merges: 0.
num_chunk_splits: 177.
num_chunks_enlarged: 152.
num_inconsistent_stats: 0.

CodeHeap 'non-profiled nmethods': size=120000Kb used=419Kb max_used=419Kb free=119580Kb
 bounds [0x000002542ce10000, 0x000002542d080000, 0x0000025434340000]
CodeHeap 'profiled nmethods': size=120000Kb used=2016Kb max_used=2016Kb free=117983Kb
 bounds [0x0000025425340000, 0x00000254255b0000, 0x000002542c870000]
CodeHeap 'non-nmethods': size=5760Kb used=1148Kb max_used=1161Kb free=4611Kb
 bounds [0x000002542c870000, 0x000002542cae0000, 0x000002542ce10000]
 total_blobs=1521 nmethods=1082 adapters=352
 compilation: enabled
              stopped_count=0, restarted_count=0
 full_count=0

Compilation events (20 events):
Event: 1.819 Thread 0x00000254424ce190 nmethod 1080 0x0000025425532310 code [0x00000254255324a0, 0x00000254255325d8]
Event: 1.819 Thread 0x00000254424ce190 1076       3       sun.nio.fs.WindowsFileAttributes::fromFindData (127 bytes)
Event: 1.819 Thread 0x00000254424ce190 nmethod 1076 0x0000025425532690 code [0x0000025425532880, 0x0000025425532ee8]
Event: 1.819 Thread 0x00000254424ce190 1077   !   3       sun.nio.fs.WindowsDirectoryStream$WindowsDirectoryIterator::acceptEntry (71 bytes)
Event: 1.820 Thread 0x00000254424ce190 nmethod 1077 0x0000025425533210 code [0x0000025425533460, 0x0000025425533c88]
Event: 1.820 Thread 0x00000254424ce190 1074  s    3       sun.nio.fs.WindowsDirectoryStream$WindowsDirectoryIterator::hasNext (35 bytes)
Event: 1.820 Thread 0x00000254424ce190 nmethod 1074 0x0000025425534090 code [0x0000025425534240, 0x0000025425534588]
Event: 1.820 Thread 0x00000254424ce190 1082   !   3       sun.nio.fs.WindowsPath::createFromNormalizedPath (65 bytes)
Event: 1.820 Thread 0x00000254424ce190 nmethod 1082 0x0000025425534690 code [0x00000254255348c0, 0x0000025425535038]
Event: 1.820 Thread 0x00000254424ce190 1083       3       sun.nio.fs.WindowsPathParser::parseNormalizedPath (6 bytes)
Event: 1.820 Thread 0x00000254424ce190 nmethod 1083 0x0000025425535390 code [0x0000025425535520, 0x0000025425535648]
Event: 1.820 Thread 0x00000254424ce190 1081       3       java.nio.charset.CharsetEncoder::<init> (105 bytes)
Event: 1.821 Thread 0x00000254424ce190 nmethod 1081 0x0000025425535710 code [0x0000025425535920, 0x0000025425536038]
Event: 1.821 Thread 0x00000254424ce190 1084       3       sun.security.provider.DigestBase::engineUpdate (189 bytes)
Event: 1.821 Thread 0x00000254424ce190 nmethod 1084 0x0000025425536210 code [0x0000025425536480, 0x0000025425537178]
Event: 1.821 Thread 0x00000254424ce190 1091       3       sun.nio.fs.WindowsPath$WindowsPathWithAttributes::<init> (23 bytes)
Event: 1.822 Thread 0x00000254424ce190 nmethod 1091 0x0000025425537510 code [0x0000025425537700, 0x0000025425537d98]
Event: 1.822 Thread 0x00000254424ce190 1092       3       sun.nio.fs.WindowsDirectoryStream$WindowsDirectoryIterator::next (5 bytes)
Event: 1.822 Thread 0x00000254424ce190 nmethod 1092 0x0000025425537f90 code [0x0000025425538140, 0x0000025425538288]
Event: 1.822 Thread 0x00000254424ce190 1085       3       java.security.MessageDigest::update (14 bytes)

GC Heap History (4 events):
Event: 0.971 GC heap before
{Heap before GC invocations=0 (full 0):
 garbage-first heap   total 319488K, used 12288K [0x00000006ca000000, 0x0000000800000000)
  region size 4096K, 4 young (16384K), 0 survivors (0K)
 Metaspace       used 8832K, committed 9024K, reserved 1114112K
  class space    used 792K, committed 896K, reserved 1048576K
}
Event: 0.978 GC heap after
{Heap after GC invocations=1 (full 0):
 garbage-first heap   total 319488K, used 4596K [0x00000006ca000000, 0x0000000800000000)
  region size 4096K, 1 young (4096K), 1 survivors (4096K)
 Metaspace       used 8832K, committed 9024K, reserved 1114112K
  class space    used 792K, committed 896K, reserved 1048576K
}
Event: 1.450 GC heap before
{Heap before GC invocations=1 (full 0):
 garbage-first heap   total 319488K, used 25076K [0x00000006ca000000, 0x0000000800000000)
  region size 4096K, 5 young (20480K), 1 survivors (4096K)
 Metaspace       used 14023K, committed 14208K, reserved 1114112K
  class space    used 1596K, committed 1728K, reserved 1048576K
}
Event: 1.454 GC heap after
{Heap after GC invocations=2 (full 0):
 garbage-first heap   total 319488K, used 10969K [0x00000006ca000000, 0x0000000800000000)
  region size 4096K, 1 young (4096K), 1 survivors (4096K)
 Metaspace       used 14023K, committed 14208K, reserved 1114112K
  class space    used 1596K, committed 1728K, reserved 1048576K
}

Dll operation events (2 events):
Event: 0.017 Loaded shared library C:\Program Files\Android\Android Studio2\jbr\bin\java.dll
Event: 0.195 Loaded shared library C:\Program Files\Android\Android Studio2\jbr\bin\verify.dll

Deoptimization events (20 events):
Event: 1.319 Thread 0x0000025421e70a30 Uncommon trap: trap_request=0xffffff45 fr.pc=0x000002542ce4ab70 relative=0x00000000000005b0
Event: 1.319 Thread 0x0000025421e70a30 Uncommon trap: reason=unstable_if action=reinterpret pc=0x000002542ce4ab70 method=java.util.HashMap.hash(Ljava/lang/Object;)I @ 1 c2
Event: 1.319 Thread 0x0000025421e70a30 DEOPT PACKING pc=0x000002542ce4ab70 sp=0x000000b4240fcb40
Event: 1.319 Thread 0x0000025421e70a30 DEOPT UNPACKING pc=0x000002542c8c69a3 sp=0x000000b4240fca58 mode 2
Event: 1.319 Thread 0x0000025421e70a30 Uncommon trap: trap_request=0xffffff45 fr.pc=0x000002542ce66218 relative=0x0000000000000098
Event: 1.319 Thread 0x0000025421e70a30 Uncommon trap: reason=unstable_if action=reinterpret pc=0x000002542ce66218 method=java.util.HashMap.hash(Ljava/lang/Object;)I @ 1 c2
Event: 1.319 Thread 0x0000025421e70a30 DEOPT PACKING pc=0x000002542ce66218 sp=0x000000b4240fcac0
Event: 1.319 Thread 0x0000025421e70a30 DEOPT UNPACKING pc=0x000002542c8c69a3 sp=0x000000b4240fca58 mode 2
Event: 1.327 Thread 0x0000025421e70a30 DEOPT PACKING pc=0x00000254253dede5 sp=0x000000b4240f66b0
Event: 1.327 Thread 0x0000025421e70a30 DEOPT UNPACKING pc=0x000002542c8c7143 sp=0x000000b4240f5b00 mode 0
Event: 1.356 Thread 0x0000025421e70a30 Uncommon trap: trap_request=0xffffff45 fr.pc=0x000002542ce453d4 relative=0x00000000000010b4
Event: 1.356 Thread 0x0000025421e70a30 Uncommon trap: reason=unstable_if action=reinterpret pc=0x000002542ce453d4 method=java.util.HashMap.putVal(ILjava/lang/Object;Ljava/lang/Object;ZZ)Ljava/lang/Object; @ 236 c2
Event: 1.356 Thread 0x0000025421e70a30 DEOPT PACKING pc=0x000002542ce453d4 sp=0x000000b4240fbee0
Event: 1.356 Thread 0x0000025421e70a30 DEOPT UNPACKING pc=0x000002542c8c69a3 sp=0x000000b4240fbea8 mode 2
Event: 1.450 Thread 0x0000025421e70a30 DEOPT PACKING pc=0x0000025425426f48 sp=0x000000b4240fa230
Event: 1.450 Thread 0x0000025421e70a30 DEOPT UNPACKING pc=0x000002542c8c7143 sp=0x000000b4240f9748 mode 0
Event: 1.519 Thread 0x0000025421e70a30 Uncommon trap: trap_request=0xffffffc6 fr.pc=0x000002542ce6cdf8 relative=0x0000000000000598
Event: 1.519 Thread 0x0000025421e70a30 Uncommon trap: reason=bimorphic_or_optimized_type_check action=maybe_recompile pc=0x000002542ce6cdf8 method=java.util.concurrent.ConcurrentHashMap.get(Ljava/lang/Object;)Ljava/lang/Object; @ 149 c2
Event: 1.519 Thread 0x0000025421e70a30 DEOPT PACKING pc=0x000002542ce6cdf8 sp=0x000000b4240fb9a0
Event: 1.519 Thread 0x0000025421e70a30 DEOPT UNPACKING pc=0x000002542c8c69a3 sp=0x000000b4240fb940 mode 2

Classes unloaded (0 events):
No events

Classes redefined (0 events):
No events

Internal exceptions (15 events):
Event: 0.495 Thread 0x0000025421e70a30 Exception <a 'java/lang/NoSuchMethodError'{0x00000006dd74cb68}: 'int java.lang.invoke.DirectMethodHandle$Holder.invokeStaticInit(java.lang.Object, java.lang.Object)'> (0x00000006dd74cb68) 
thrown [s\src\hotspot\share\interpreter\linkResolver.cpp, line 771]
Event: 1.167 Thread 0x0000025421e70a30 Exception <a 'java/lang/NoSuchMethodError'{0x00000006dd246ae0}: 'void java.lang.invoke.DirectMethodHandle$Holder.invokeStatic(java.lang.Object, java.lang.Object)'> (0x00000006dd246ae0) 
thrown [s\src\hotspot\share\interpreter\linkResolver.cpp, line 771]
Event: 1.189 Thread 0x0000025421e70a30 Exception <a 'java/lang/NoClassDefFoundError'{0x00000006dd2d19c0}: org/slf4j/impl/StaticMarkerBinder> (0x00000006dd2d19c0) 
thrown [s\src\hotspot\share\classfile\systemDictionary.cpp, line 245]
Event: 1.201 Thread 0x0000025421e70a30 Exception <a 'java/lang/NoSuchMethodError'{0x00000006dd372460}: 'java.lang.Object java.lang.invoke.DirectMethodHandle$Holder.invokeVirtual(java.lang.Object, java.lang.Object, java.lang.Object, java.lang.Object, java.lang.Object, java.lang.Object, java.lang.Object)'> (0x00000006dd372460) 
thrown [s\src\hotspot\share\interpreter\linkResolver.cpp, line 771]
Event: 1.203 Thread 0x0000025421e70a30 Exception <a 'java/lang/NoSuchMethodError'{0x00000006dd383d00}: 'java.lang.Object java.lang.invoke.Invokers$Holder.invoker(java.lang.Object, java.lang.Object, java.lang.Object)'> (0x00000006dd383d00) 
thrown [s\src\hotspot\share\interpreter\linkResolver.cpp, line 771]
Event: 1.205 Thread 0x0000025421e70a30 Exception <a 'java/lang/NoSuchMethodError'{0x00000006dd38ce30}: 'java.lang.Object java.lang.invoke.DirectMethodHandle$Holder.invokeStatic(java.lang.Object, java.lang.Object, int)'> (0x00000006dd38ce30) 
thrown [s\src\hotspot\share\interpreter\linkResolver.cpp, line 771]
Event: 1.206 Thread 0x0000025421e70a30 Exception <a 'java/lang/NoSuchMethodError'{0x00000006dd398b20}: 'void java.lang.invoke.DelegatingMethodHandle$Holder.delegate(java.lang.Object, java.lang.Object, int, java.lang.Object)'> (0x00000006dd398b20) 
thrown [s\src\hotspot\share\interpreter\linkResolver.cpp, line 771]
Event: 1.208 Thread 0x0000025421e70a30 Exception <a 'java/lang/NoSuchMethodError'{0x00000006dd39cc68}: 'int java.lang.invoke.DirectMethodHandle$Holder.invokeSpecial(java.lang.Object, java.lang.Object, java.lang.Object)'> (0x00000006dd39cc68) 
thrown [s\src\hotspot\share\interpreter\linkResolver.cpp, line 771]
Event: 1.211 Thread 0x0000025421e70a30 Exception <a 'java/lang/NoSuchMethodError'{0x00000006dd3afe20}: 'java.lang.Object java.lang.invoke.Invokers$Holder.invokeExact_MT(java.lang.Object, java.lang.Object, java.lang.Object, java.lang.Object)'> (0x00000006dd3afe20) 
thrown [s\src\hotspot\share\interpreter\linkResolver.cpp, line 771]
Event: 1.311 Thread 0x0000025421e70a30 Exception <a 'java/lang/NoSuchMethodError'{0x00000006dc8f3420}: 'void java.lang.invoke.DirectMethodHandle$Holder.invokeSpecial(java.lang.Object, java.lang.Object, java.lang.Object)'> (0x00000006dc8f3420) 
thrown [s\src\hotspot\share\interpreter\linkResolver.cpp, line 771]
Event: 1.319 Thread 0x0000025421e70a30 Implicit null exception at 0x000002542ce57110 to 0x000002542ce57654
Event: 1.319 Thread 0x0000025421e70a30 Implicit null exception at 0x000002542ce4a60b to 0x000002542ce4ab50
Event: 1.319 Thread 0x0000025421e70a30 Implicit null exception at 0x000002542ce6618f to 0x000002542ce66209
Event: 1.339 Thread 0x0000025421e70a30 Exception <a 'java/lang/NoSuchMethodError'{0x00000006dca439f0}: 'java.lang.Object java.lang.invoke.DirectMethodHandle$Holder.invokeStaticInit(java.lang.Object)'> (0x00000006dca439f0) 
thrown [s\src\hotspot\share\interpreter\linkResolver.cpp, line 771]
Event: 1.505 Thread 0x0000025421e70a30 Exception <a 'java/lang/NoSuchMethodError'{0x00000006dd669e30}: 'java.lang.Object java.lang.invoke.DirectMethodHandle$Holder.invokeStaticInit(java.lang.Object, int, int, int, int)'> (0x00000006dd669e30) 
thrown [s\src\hotspot\share\interpreter\linkResolver.cpp, line 771]

VM Operations (14 events):
Event: 0.188 Executing VM operation: HandshakeAllThreads
Event: 0.188 Executing VM operation: HandshakeAllThreads done
Event: 0.971 Executing VM operation: G1CollectForAllocation
Event: 0.978 Executing VM operation: G1CollectForAllocation done
Event: 1.039 Executing VM operation: HandshakeAllThreads
Event: 1.039 Executing VM operation: HandshakeAllThreads done
Event: 1.204 Executing VM operation: HandshakeAllThreads
Event: 1.204 Executing VM operation: HandshakeAllThreads done
Event: 1.450 Executing VM operation: G1CollectForAllocation
Event: 1.454 Executing VM operation: G1CollectForAllocation done
Event: 1.458 Executing VM operation: HandshakeAllThreads
Event: 1.458 Executing VM operation: HandshakeAllThreads done
Event: 1.809 Executing VM operation: HandshakeAllThreads
Event: 1.809 Executing VM operation: HandshakeAllThreads done

Events (20 events):
Event: 1.527 loading class java/net/Inet6Address$Inet6AddressHolder
Event: 1.527 loading class java/net/Inet6Address$Inet6AddressHolder done
Event: 1.528 loading class java/net/DefaultInterface
Event: 1.528 loading class java/net/DefaultInterface done
Event: 1.572 loading class java/net/NetworkInterface$1
Event: 1.572 loading class java/net/NetworkInterface$1 done
Event: 1.806 loading class java/nio/file/Files$AcceptAllFilter
Event: 1.806 loading class java/nio/file/DirectoryStream$Filter
Event: 1.806 loading class java/nio/file/DirectoryStream$Filter done
Event: 1.806 loading class java/nio/file/Files$AcceptAllFilter done
Event: 1.806 loading class sun/nio/fs/WindowsDirectoryStream
Event: 1.807 loading class java/nio/file/DirectoryStream
Event: 1.807 loading class java/nio/file/DirectoryStream done
Event: 1.807 loading class sun/nio/fs/WindowsDirectoryStream done
Event: 1.808 loading class sun/nio/fs/WindowsDirectoryStream$WindowsDirectoryIterator
Event: 1.808 loading class sun/nio/fs/WindowsDirectoryStream$WindowsDirectoryIterator done
Event: 1.808 loading class sun/nio/fs/WindowsPath$WindowsPathWithAttributes
Event: 1.808 loading class sun/nio/fs/BasicFileAttributesHolder
Event: 1.808 loading class sun/nio/fs/BasicFileAttributesHolder done
Event: 1.808 loading class sun/nio/fs/WindowsPath$WindowsPathWithAttributes done


Dynamic libraries:
0x00007ff7775e0000 - 0x00007ff7775ea000 	C:\Program Files\Android\Android Studio2\jbr\bin\java.exe
0x00007fffc7570000 - 0x00007fffc7787000 	C:\WINDOWS\SYSTEM32\ntdll.dll
0x00007fffc5f60000 - 0x00007fffc6024000 	C:\WINDOWS\System32\KERNEL32.DLL
0x00007fffc4890000 - 0x00007fffc4c3d000 	C:\WINDOWS\System32\KERNELBASE.dll
0x00007fffc4c70000 - 0x00007fffc4d81000 	C:\WINDOWS\System32\ucrtbase.dll
0x00007fffc0110000 - 0x00007fffc0127000 	C:\Program Files\Android\Android Studio2\jbr\bin\jli.dll
0x00007fffc59c0000 - 0x00007fffc5b6e000 	C:\WINDOWS\System32\USER32.dll
0x00007fffc5100000 - 0x00007fffc5126000 	C:\WINDOWS\System32\win32u.dll
0x00007fffc64c0000 - 0x00007fffc64e9000 	C:\WINDOWS\System32\GDI32.dll
0x00007fffc4fe0000 - 0x00007fffc50f9000 	C:\WINDOWS\System32\gdi32full.dll
0x00007fffc4d90000 - 0x00007fffc4e2a000 	C:\WINDOWS\System32\msvcp_win.dll
0x00007fffc0190000 - 0x00007fffc01ab000 	C:\Program Files\Android\Android Studio2\jbr\bin\VCRUNTIME140.dll
0x00007fffa7490000 - 0x00007fffa7723000 	C:\WINDOWS\WinSxS\amd64_microsoft.windows.common-controls_6595b64144ccf1df_6.0.22621.3672_none_2713b9d173822955\COMCTL32.dll
0x00007fffc62b0000 - 0x00007fffc6357000 	C:\WINDOWS\System32\msvcrt.dll
0x00007fffc61e0000 - 0x00007fffc6211000 	C:\WINDOWS\System32\IMM32.DLL
0x00007fffc0100000 - 0x00007fffc010c000 	C:\Program Files\Android\Android Studio2\jbr\bin\vcruntime140_1.dll
0x00007fffb3a40000 - 0x00007fffb3acd000 	C:\Program Files\Android\Android Studio2\jbr\bin\msvcp140.dll
0x00007fff758a0000 - 0x00007fff76523000 	C:\Program Files\Android\Android Studio2\jbr\bin\server\jvm.dll
0x00007fffc5830000 - 0x00007fffc58e2000 	C:\WINDOWS\System32\ADVAPI32.dll
0x00007fffc7480000 - 0x00007fffc7529000 	C:\WINDOWS\System32\sechost.dll
0x00007fffc4c40000 - 0x00007fffc4c68000 	C:\WINDOWS\System32\bcrypt.dll
0x00007fffc6030000 - 0x00007fffc6144000 	C:\WINDOWS\System32\RPCRT4.dll
0x00007fffc4760000 - 0x00007fffc47ad000 	C:\WINDOWS\SYSTEM32\POWRPROF.dll
0x00007fffaf8a0000 - 0x00007fffaf8a9000 	C:\WINDOWS\SYSTEM32\WSOCK32.dll
0x00007fffc6160000 - 0x00007fffc61d1000 	C:\WINDOWS\System32\WS2_32.dll
0x00007fffc0260000 - 0x00007fffc0294000 	C:\WINDOWS\SYSTEM32\WINMM.dll
0x00007fffbbe80000 - 0x00007fffbbe8a000 	C:\WINDOWS\SYSTEM32\VERSION.dll
0x00007fffc4590000 - 0x00007fffc45a3000 	C:\WINDOWS\SYSTEM32\UMPDC.dll
0x00007fffc3800000 - 0x00007fffc3818000 	C:\WINDOWS\SYSTEM32\kernel.appcore.dll
0x00007fffb3dc0000 - 0x00007fffb3dca000 	C:\Program Files\Android\Android Studio2\jbr\bin\jimage.dll
0x00007fffb69d0000 - 0x00007fffb6c02000 	C:\WINDOWS\SYSTEM32\DBGHELP.DLL
0x00007fffc5b70000 - 0x00007fffc5efe000 	C:\WINDOWS\System32\combase.dll
0x00007fffc7030000 - 0x00007fffc7107000 	C:\WINDOWS\System32\OLEAUT32.dll
0x00007fffb5670000 - 0x00007fffb56a2000 	C:\WINDOWS\SYSTEM32\dbgcore.DLL
0x00007fffc4ef0000 - 0x00007fffc4f6b000 	C:\WINDOWS\System32\bcryptPrimitives.dll
0x00007fffb3d90000 - 0x00007fffb3db5000 	C:\Program Files\Android\Android Studio2\jbr\bin\java.dll
0x00007fffb3a20000 - 0x00007fffb3a38000 	C:\Program Files\Android\Android Studio2\jbr\bin\zip.dll
0x00007fffc67c0000 - 0x00007fffc7027000 	C:\WINDOWS\System32\SHELL32.dll
0x00007fffc27c0000 - 0x00007fffc30bf000 	C:\WINDOWS\SYSTEM32\windows.storage.dll
0x00007fffc2680000 - 0x00007fffc27bf000 	C:\WINDOWS\SYSTEM32\wintypes.dll
0x00007fffc7380000 - 0x00007fffc7479000 	C:\WINDOWS\System32\SHCORE.dll
0x00007fffc6520000 - 0x00007fffc657e000 	C:\WINDOWS\System32\shlwapi.dll
0x00007fffc47c0000 - 0x00007fffc47e7000 	C:\WINDOWS\SYSTEM32\profapi.dll
0x00007fffb3a00000 - 0x00007fffb3a19000 	C:\Program Files\Android\Android Studio2\jbr\bin\net.dll
0x00007fffc0c30000 - 0x00007fffc0d66000 	C:\WINDOWS\SYSTEM32\WINHTTP.dll
0x00007fffc3d00000 - 0x00007fffc3d69000 	C:\WINDOWS\system32\mswsock.dll
0x00007fffb39e0000 - 0x00007fffb39f6000 	C:\Program Files\Android\Android Studio2\jbr\bin\nio.dll
0x00007fffb3d80000 - 0x00007fffb3d90000 	C:\Program Files\Android\Android Studio2\jbr\bin\verify.dll
0x00007fffb39b0000 - 0x00007fffb39d7000 	C:\Users\ten07\.gradle\native\68d5fa5c4cc2d200863cafc0d521ce42e7d3e7ee720ec0a83991735586a16f82\windows-amd64\native-platform.dll
0x00007fffb39a0000 - 0x00007fffb39a9000 	C:\Program Files\Android\Android Studio2\jbr\bin\management.dll
0x00007fffb3990000 - 0x00007fffb399b000 	C:\Program Files\Android\Android Studio2\jbr\bin\management_ext.dll
0x00007fffc6150000 - 0x00007fffc6158000 	C:\WINDOWS\System32\PSAPI.DLL
0x00007fffc4050000 - 0x00007fffc406b000 	C:\WINDOWS\SYSTEM32\CRYPTSP.dll
0x00007fffc3820000 - 0x00007fffc3855000 	C:\WINDOWS\system32\rsaenh.dll
0x00007fffc3da0000 - 0x00007fffc3dc8000 	C:\WINDOWS\SYSTEM32\USERENV.dll
0x00007fffc4030000 - 0x00007fffc403c000 	C:\WINDOWS\SYSTEM32\CRYPTBASE.dll
0x00007fffc3320000 - 0x00007fffc334d000 	C:\WINDOWS\SYSTEM32\IPHLPAPI.DLL
0x00007fffc5820000 - 0x00007fffc5829000 	C:\WINDOWS\System32\NSI.dll
0x00007fffc0bb0000 - 0x00007fffc0bc9000 	C:\WINDOWS\SYSTEM32\dhcpcsvc6.DLL
0x00007fffc0920000 - 0x00007fffc093f000 	C:\WINDOWS\SYSTEM32\dhcpcsvc.DLL
0x00007fffc3350000 - 0x00007fffc3448000 	C:\WINDOWS\SYSTEM32\DNSAPI.dll

dbghelp: loaded successfully - version: 4.0.5 - missing functions: none
symbol engine: initialized successfully - sym options: 0x614 - pdb path: .;C:\Program Files\Android\Android Studio2\jbr\bin;C:\WINDOWS\SYSTEM32;C:\WINDOWS\WinSxS\amd64_microsoft.windows.common-controls_6595b64144ccf1df_6.0.22621.3672_none_2713b9d173822955;C:\Program Files\Android\Android Studio2\jbr\bin\server;C:\Users\ten07\.gradle\native\68d5fa5c4cc2d200863cafc0d521ce42e7d3e7ee720ec0a83991735586a16f82\windows-amd64

VM Arguments:
jvm_args: -Dorg.gradle.appname=gradlew 
java_command: org.gradle.wrapper.GradleWrapperMain -q -Ptarget-platform=android-x86 -Ptarget=C:\Users\ten07\OneDrive\Desktop\fixnow\lib\main.dart -Pbase-application-name=android.app.Application -Pdart-obfuscation=false -Ptrack-widget-creation=true -Ptree-shake-icons=false -Pfilesystem-scheme=org-dartlang-root assembleDebug
java_class_path (initial): C:\Users\ten07\OneDrive\Desktop\fixnow\android\\gradle\wrapper\gradle-wrapper.jar
Launcher Type: SUN_STANDARD

[Global flags]
     intx CICompilerCount                          = 3                                         {product} {ergonomic}
     uint ConcGCThreads                            = 2                                         {product} {ergonomic}
     uint G1ConcRefinementThreads                  = 6                                         {product} {ergonomic}
   size_t G1HeapRegionSize                         = 4194304                                   {product} {ergonomic}
    uintx GCDrainStackTargetSize                   = 64                                        {product} {ergonomic}
   size_t InitialHeapSize                          = 327155712                                 {product} {ergonomic}
   size_t MarkStackSize                            = 4194304                                   {product} {ergonomic}
   size_t MaxHeapSize                              = 5200936960                                {product} {ergonomic}
   size_t MaxNewSize                               = 3120562176                                {product} {ergonomic}
   size_t MinHeapDeltaBytes                        = 4194304                                   {product} {ergonomic}
   size_t MinHeapSize                              = 8388608                                   {product} {ergonomic}
    uintx NonNMethodCodeHeapSize                   = 5832780                                {pd product} {ergonomic}
    uintx NonProfiledCodeHeapSize                  = 122912730                              {pd product} {ergonomic}
    uintx ProfiledCodeHeapSize                     = 122912730                              {pd product} {ergonomic}
    uintx ReservedCodeCacheSize                    = 251658240                              {pd product} {ergonomic}
     bool SegmentedCodeCache                       = true                                      {product} {ergonomic}
   size_t SoftMaxHeapSize                          = 5200936960                             {manageable} {ergonomic}
     bool UseCompressedClassPointers               = true                           {product lp64_product} {ergonomic}
     bool UseCompressedOops                        = true                           {product lp64_product} {ergonomic}
     bool UseG1GC                                  = true                                      {product} {ergonomic}
     bool UseLargePagesIndividualAllocation        = false                                  {pd product} {ergonomic}

Logging:
Log output configuration:
 #0: stdout all=warning uptime,level,tags
 #1: stderr all=off uptime,level,tags

Environment Variables:
JAVA_HOME=C:\Program Files\Android\Android Studio2\jbr
CLASSPATH=C:\Users\ten07\OneDrive\Desktop\fixnow\android\\gradle\wrapper\gradle-wrapper.jar
PATH=C:\Program Files\Android\Android Studio2\jbr\bin;C:\Program Files (x86)\VMware\VMware Workstation\bin\;C:\Program Files\Common Files\Oracle\Java\javapath;C:\Program Files\NVIDIA GPU Computing Toolkit\CUDA\v12.3\bin;C:\Program Files\NVIDIA GPU Computing Toolkit\CUDA\v12.3\libnvvp;C:\Program Files (x86)\Common Files\Oracle\Java\javapath;C:\WINDOWS\system32;C:\WINDOWS;C:\WINDOWS\System32\Wbem;C:\WINDOWS\System32\WindowsPowerShell\v1.0\;C:\WINDOWS\System32\OpenSSH\;C:\ProgramData\chocolatey\bin;C:\Program Files\OpenJDK\openjdk-8u332-b09\bin;C:\Program Files\Java\jdk1.8.0_211\bin;C:\Program Files (x86)\PuTTY\;C:\Program Files\Cloudflare\Cloudflare WARP\;C:\Program Files\Git\cmd;C:\Program Files\Microsoft SQL Server\150\Tools\Binn\;C:\Program Files\nodejs\;C:\Program Files (x86)\NVIDIA Corporation\PhysX\Common;C:\Users\ten07\AppData\Local\Android\Sdk\platform-tools;C:\Program Files\Kubernetes\Minikube;C:\Program Files (x86)\Windows Kits\10\Windows Performance Toolkit\;C:\Program Files\PostgreSQL\17\bin;C:\Program Files\Docker\Docker\resources\bin;:\Program Files\Docker\Docker\resources\bin;C:\Program Files\Docker\Docker\cli-tools;C:\Users\ten07\AppData\Local\Programs\Python\Python312\Scripts\;C:\Users\ten07\AppData\Local\Programs\Python\Python312\;C:\Users\ten07\scoop\shims;C:\Users\ten07\AppData\Local\Programs\Python\Python311\Scripts\;C:\Users\ten07\AppData\Local\Programs\Python\Python311\;C:\Users\ten07\AppData\Roaming\npm;C:\Users\ten07\AppData\Local\Programs\Microsoft VS Code\bin;C:\src\flutter\bin;C:\Program Files\PostgreSQL\17;;C:\src\flutter\bin\mingit\cmd;C:\src\flutter\bin\mingit\cmd
USERNAME=ten07
OS=Windows_NT
PROCESSOR_IDENTIFIER=AMD64 Family 23 Model 96 Stepping 1, AuthenticAMD
TMP=C:\Users\ten07\AppData\Local\Temp
TEMP=C:\Users\ten07\AppData\Local\Temp



Periodic native trim disabled

JNI global refs:
JNI global refs: 17, weak refs: 0

JNI global refs memory usage: 843, weak refs: 209

Process memory usage:
Resident Set Size: 92180K (0% of 20306740K total physical memory with 1065900K free physical memory)

OOME stack traces (most recent first):
Classloader memory used:
